Enter a: Enter b: Enter c: 
The equation 1x^2 + 0x + 0 = 0 has solutions:
x=0.00
