Enter a: Enter b: Enter c: 
The equation 1x^2 + -4x + 3 = 0 has solutions:
x=3.00, x=1.00
